[Tune-x] 1: n.trees=219; interaction.depth=5; n.minobsinnode=31; shrinkage=0.116
Loading required package: mlr
Warning: package 'mlr' was built under R version 4.3.3
Loading required package: ParamHelpers
Warning: package 'ParamHelpers' was built under R version 4.3.3
[Tune] Started tuning learner regr.gbm for parameter set:
                     Type len Def      Constr Req Tunable Trafo
n.trees           integer   -   -   10 to 500   -    TRUE     -
interaction.depth integer   -   -     1 to 15   -    TRUE     -
n.minobsinnode    integer   -   -     5 to 50   -    TRUE     -
shrinkage         numeric   -   - 0.01 to 0.3   -    TRUE     -
With control class: TuneControlMBO
Imputation value: Inf
[Tune-x] 1: n.trees=326; interaction.depth=11; n.minobsinnode=35; shrinkage=0.244
[Tune-y] 1: rmse.test.rmse=0.0759510; time: 0.1 min
[Tune-x] 2: n.trees=197; interaction.depth=4; n.minobsinnode=16; shrinkage=0.27
[Tune-y] 2: rmse.test.rmse=0.0851639; time: 0.0 min
[Tune-x] 3: n.trees=417; interaction.depth=9; n.minobsinnode=24; shrinkage=0.143
[Tune-y] 3: rmse.test.rmse=0.0625604; time: 0.1 min
[Tune-x] 4: n.trees=59; interaction.depth=14; n.minobsinnode=49; shrinkage=0.0706
[Tune-y] 4: rmse.test.rmse=0.1842625; time: 0.0 min
[Tune-x] 5: n.trees=283; interaction.depth=8; n.minobsinnode=21; shrinkage=0.097
[Tune-y] 5: rmse.test.rmse=0.0721056; time: 0.0 min
[Tune-x] 6: n.trees=350; interaction.depth=4; n.minobsinnode=37; shrinkage=0.13
[Tune-y] 6: rmse.test.rmse=0.0845007; time: 0.0 min
[Tune-x] 7: n.trees=81; interaction.depth=6; n.minobsinnode=26; shrinkage=0.0455
[Tune-y] 7: rmse.test.rmse=0.1601764; time: 0.0 min
[Tune-x] 8: n.trees=479; interaction.depth=15; n.minobsinnode=30; shrinkage=0.16
[Tune-y] 8: rmse.test.rmse=0.0656881; time: 0.1 min
[Tune-x] 9: n.trees=248; interaction.depth=13; n.minobsinnode=6; shrinkage=0.0132
[Tune-y] 9: rmse.test.rmse=0.1245886; time: 0.1 min
[Tune-x] 10: n.trees=302; interaction.depth=6; n.minobsinnode=32; shrinkage=0.287
[Tune-y] 10: rmse.test.rmse=0.0778903; time: 0.0 min
[Tune-x] 11: n.trees=159; interaction.depth=2; n.minobsinnode=9; shrinkage=0.118
[Tune-y] 11: rmse.test.rmse=0.1188506; time: 0.0 min
[Tune-x] 12: n.trees=14; interaction.depth=13; n.minobsinnode=45; shrinkage=0.21
[Tune-y] 12: rmse.test.rmse=0.2073998; time: 0.0 min
[Tune-x] 13: n.trees=446; interaction.depth=3; n.minobsinnode=15; shrinkage=0.208
